// Jest Snapshot v1, https://goo.gl/fbAQLP

exports[`Testing the Graph object Should perform a breadth first search 1`] = `
Set {
  Vertex {
    "value": 1,
  },
  Vertex {
    "value": 2,
  },
  Vertex {
    "value": 4,
  },
  Vertex {
    "value": 6,
  },
  Vertex {
    "value": 8,
  },
  Vertex {
    "value": 10,
  },
}
`;

exports[`Testing the Graph object Should return a graph with only one vertex and one edge: {"adjacencylist": Map {{"value": 1} => [{"vertex": {"value": 1}, "weight": 0}]}} 1`] = `
Graph {
  "adjacencylist": Map {
    Vertex {
      "value": 1,
    } => Array [
      Edge {
        "vertex": Vertex {
          "value": 1,
        },
        "weight": 0,
      },
    ],
  },
}
`;
